[0m22:29:28.553036 [debug] [MainThread]: Sending event: {'category': 'dbt', 'action': 'invocation', 'label': 'start', 'context': [<snowplow_tracker.self_describing_json.SelfDescribingJson object at 0x1038f5d00>, <snowplow_tracker.self_describing_json.SelfDescribingJson object at 0x10556d3a0>, <snowplow_tracker.self_describing_json.SelfDescribingJson object at 0x10556d010>]}


============================== 22:29:28.556464 | 21534c23-ddca-4d57-bfb0-d11a0c17e2fe ==============================
[0m22:29:28.556464 [info ] [MainThread]: Running with dbt=1.9.0
[0m22:29:28.556820 [debug] [MainThread]: running dbt with arguments {'printer_width': '80', 'indirect_selection': 'eager', 'log_cache_events': 'False', 'write_json': 'True', 'partial_parse': 'True', 'cache_selected_only': 'False', 'profiles_dir': '/Users/aleksandrmazurkevich/.dbt', 'debug': 'False', 'version_check': 'True', 'log_path': 'logs', 'warn_error': 'None', 'fail_fast': 'False', 'use_colors': 'True', 'use_experimental_parser': 'False', 'empty': 'False', 'quiet': 'False', 'no_print': 'None', 'log_format': 'default', 'static_parser': 'True', 'invocation_command': 'dbt run', 'warn_error_options': 'WarnErrorOptions(include=[], exclude=[])', 'target_path': 'None', 'introspect': 'True', 'send_anonymous_usage_stats': 'True'}
[0m22:29:28.557191 [error] [MainThread]: Encountered an error:
Runtime Error
  No dbt_project.yml found at expected path /Users/aleksandrmazurkevich/dbt_course/dbt_project.yml
  Verify that each entry within packages.yml (and their transitive dependencies) contains a file named dbt_project.yml
  
[0m22:29:28.559552 [debug] [MainThread]: Resource report: {"command_name": "run", "command_success": false, "command_wall_clock_time": 0.07092033, "process_in_blocks": "0", "process_kernel_time": 0.13277, "process_mem_max_rss": "93143040", "process_out_blocks": "0", "process_user_time": 0.635567}
[0m22:29:28.559921 [debug] [MainThread]: Command `dbt run` failed at 22:29:28.559872 after 0.07 seconds
[0m22:29:28.560132 [debug] [MainThread]: Sending event: {'category': 'dbt', 'action': 'invocation', 'label': 'end', 'context': [<snowplow_tracker.self_describing_json.SelfDescribingJson object at 0x104675d30>, <snowplow_tracker.self_describing_json.SelfDescribingJson object at 0x10556e180>, <snowplow_tracker.self_describing_json.SelfDescribingJson object at 0x10556d280>]}
[0m22:29:28.560318 [debug] [MainThread]: Flushing usage events
[0m22:29:29.205311 [debug] [MainThread]: An error was encountered while trying to flush usage events
[0m22:30:03.870069 [debug] [MainThread]: Sending event: {'category': 'dbt', 'action': 'invocation', 'label': 'start', 'context': [<snowplow_tracker.self_describing_json.SelfDescribingJson object at 0x106a566f0>, <snowplow_tracker.self_describing_json.SelfDescribingJson object at 0x106a9d700>, <snowplow_tracker.self_describing_json.SelfDescribingJson object at 0x106a9d370>]}


============================== 22:30:03.872975 | 5b560a21-beb4-456a-9d09-fd41f2ee6afd ==============================
[0m22:30:03.872975 [info ] [MainThread]: Running with dbt=1.9.0
[0m22:30:03.873309 [debug] [MainThread]: running dbt with arguments {'printer_width': '80', 'indirect_selection': 'eager', 'log_cache_events': 'False', 'write_json': 'True', 'partial_parse': 'True', 'cache_selected_only': 'False', 'warn_error': 'None', 'fail_fast': 'False', 'version_check': 'True', 'log_path': 'logs', 'profiles_dir': '/Users/aleksandrmazurkevich/.dbt', 'debug': 'False', 'use_colors': 'True', 'use_experimental_parser': 'False', 'empty': 'False', 'quiet': 'False', 'no_print': 'None', 'log_format': 'default', 'invocation_command': 'dbt run', 'warn_error_options': 'WarnErrorOptions(include=[], exclude=[])', 'static_parser': 'True', 'target_path': 'None', 'introspect': 'True', 'send_anonymous_usage_stats': 'True'}
[0m22:30:03.873601 [error] [MainThread]: Encountered an error:
Runtime Error
  No dbt_project.yml found at expected path /Users/aleksandrmazurkevich/dbt_course/dbt_project.yml
  Verify that each entry within packages.yml (and their transitive dependencies) contains a file named dbt_project.yml
  
[0m22:30:03.875023 [debug] [MainThread]: Resource report: {"command_name": "run", "command_success": false, "command_wall_clock_time": 0.058673665, "process_in_blocks": "0", "process_kernel_time": 0.105442, "process_mem_max_rss": "92274688", "process_out_blocks": "0", "process_user_time": 0.594841}
[0m22:30:03.875389 [debug] [MainThread]: Command `dbt run` failed at 22:30:03.875339 after 0.06 seconds
[0m22:30:03.875580 [debug] [MainThread]: Sending event: {'category': 'dbt', 'action': 'invocation', 'label': 'end', 'context': [<snowplow_tracker.self_describing_json.SelfDescribingJson object at 0x106a37320>, <snowplow_tracker.self_describing_json.SelfDescribingJson object at 0x106a9d580>, <snowplow_tracker.self_describing_json.SelfDescribingJson object at 0x106a9ef30>]}
[0m22:30:03.875759 [debug] [MainThread]: Flushing usage events
[0m22:30:04.503140 [debug] [MainThread]: An error was encountered while trying to flush usage events
[0m23:16:26.200622 [debug] [MainThread]: Sending event: {'category': 'dbt', 'action': 'invocation', 'label': 'start', 'context': [<snowplow_tracker.self_describing_json.SelfDescribingJson object at 0x11077c470>, <snowplow_tracker.self_describing_json.SelfDescribingJson object at 0x111271460>, <snowplow_tracker.self_describing_json.SelfDescribingJson object at 0x111271100>]}


============================== 23:16:26.203850 | 9dd3cfb4-7c52-4a93-b6b5-e6451f1fd733 ==============================
[0m23:16:26.203850 [info ] [MainThread]: Running with dbt=1.9.0
[0m23:16:26.204238 [debug] [MainThread]: running dbt with arguments {'printer_width': '80', 'indirect_selection': 'eager', 'write_json': 'True', 'log_cache_events': 'False', 'partial_parse': 'True', 'cache_selected_only': 'False', 'profiles_dir': '/Users/aleksandrmazurkevich/.dbt', 'fail_fast': 'False', 'debug': 'False', 'log_path': 'logs', 'version_check': 'True', 'warn_error': 'None', 'use_colors': 'True', 'use_experimental_parser': 'False', 'no_print': 'None', 'quiet': 'False', 'empty': 'False', 'log_format': 'default', 'introspect': 'True', 'invocation_command': 'dbt run', 'static_parser': 'True', 'target_path': 'None', 'warn_error_options': 'WarnErrorOptions(include=[], exclude=[])', 'send_anonymous_usage_stats': 'True'}
[0m23:16:26.204584 [error] [MainThread]: Encountered an error:
Runtime Error
  No dbt_project.yml found at expected path /Users/aleksandrmazurkevich/dbt_course/dbt_project.yml
  Verify that each entry within packages.yml (and their transitive dependencies) contains a file named dbt_project.yml
  
[0m23:16:26.206027 [debug] [MainThread]: Resource report: {"command_name": "run", "command_success": false, "command_wall_clock_time": 0.060562376, "process_in_blocks": "0", "process_kernel_time": 0.117168, "process_mem_max_rss": "92471296", "process_out_blocks": "0", "process_user_time": 0.605729}
[0m23:16:26.206436 [debug] [MainThread]: Command `dbt run` failed at 23:16:26.206376 after 0.06 seconds
[0m23:16:26.206656 [debug] [MainThread]: Sending event: {'category': 'dbt', 'action': 'invocation', 'label': 'end', 'context': [<snowplow_tracker.self_describing_json.SelfDescribingJson object at 0x111271460>, <snowplow_tracker.self_describing_json.SelfDescribingJson object at 0x111272b40>, <snowplow_tracker.self_describing_json.SelfDescribingJson object at 0x111272c30>]}
[0m23:16:26.206859 [debug] [MainThread]: Flushing usage events
[0m23:16:26.968037 [debug] [MainThread]: An error was encountered while trying to flush usage events
[0m10:57:42.944706 [debug] [MainThread]: Sending event: {'category': 'dbt', 'action': 'invocation', 'label': 'start', 'context': [<snowplow_tracker.self_describing_json.SelfDescribingJson object at 0x105c0d7d0>, <snowplow_tracker.self_describing_json.SelfDescribingJson object at 0x105c63750>, <snowplow_tracker.self_describing_json.SelfDescribingJson object at 0x105c63d50>]}


============================== 10:57:42.946855 | a001d990-745c-455b-a54e-48600c7d332f ==============================
[0m10:57:42.946855 [info ] [MainThread]: Running with dbt=1.8.0
[0m10:57:42.947270 [debug] [MainThread]: running dbt with arguments {'debug': 'False', 'cache_selected_only': 'False', 'log_cache_events': 'False', 'warn_error': 'None', 'use_colors': 'True', 'introspect': 'True', 'warn_error_options': 'WarnErrorOptions(include=[], exclude=[])', 'log_path': 'logs', 'profiles_dir': '/Users/aleksandrmazurkevich/.dbt', 'target_path': 'None', 'printer_width': '80', 'write_json': 'True', 'no_print': 'None', 'log_format': 'default', 'invocation_command': 'dbt init dbt_course_practice', 'quiet': 'False', 'partial_parse': 'True', 'indirect_selection': 'eager', 'static_parser': 'True', 'send_anonymous_usage_stats': 'True', 'fail_fast': 'False', 'use_experimental_parser': 'False', 'version_check': 'True'}
[0m10:57:42.956218 [debug] [MainThread]: Starter project path: /opt/anaconda3/lib/python3.11/site-packages/dbt/include/starter_project
[0m10:57:42.960887 [info ] [MainThread]: 
Your new dbt project "dbt_course_practice" was created!

For more information on how to configure the profiles.yml file,
please consult the dbt documentation here:

  https://docs.getdbt.com/docs/configure-your-profile

One more thing:

Need help? Don't hesitate to reach out to us via GitHub issues or on Slack:

  https://community.getdbt.com/

Happy modeling!

[0m10:57:42.961243 [info ] [MainThread]: Setting up your profile.
[0m11:08:23.578312 [info ] [MainThread]: Profile dbt_course_practice written to /Users/aleksandrmazurkevich/.dbt/profiles.yml using target's profile_template.yml and your supplied values. Run 'dbt debug' to validate the connection.
[0m11:08:23.639451 [debug] [MainThread]: Resource report: {"command_name": "init", "command_success": true, "command_wall_clock_time": 640.74414, "process_user_time": 0.63418, "process_kernel_time": 0.210232, "process_mem_max_rss": "97959936", "process_in_blocks": "0", "process_out_blocks": "0"}
[0m11:08:23.640665 [debug] [MainThread]: Command `dbt init` succeeded at 11:08:23.640511 after 640.75 seconds
[0m11:08:23.641450 [debug] [MainThread]: Sending event: {'category': 'dbt', 'action': 'invocation', 'label': 'end', 'context': [<snowplow_tracker.self_describing_json.SelfDescribingJson object at 0x105c62ed0>, <snowplow_tracker.self_describing_json.SelfDescribingJson object at 0x105c62450>, <snowplow_tracker.self_describing_json.SelfDescribingJson object at 0x1041b7750>]}
[0m11:08:23.641907 [debug] [MainThread]: Flushing usage events
[0m21:21:22.279586 [debug] [MainThread]: Sending event: {'category': 'dbt', 'action': 'invocation', 'label': 'start', 'context': [<snowplow_tracker.self_describing_json.SelfDescribingJson object at 0x106964ad0>, <snowplow_tracker.self_describing_json.SelfDescribingJson object at 0x1069cbbd0>, <snowplow_tracker.self_describing_json.SelfDescribingJson object at 0x1069cbf90>]}


============================== 21:21:22.281712 | f7896f38-af83-4614-a0da-076cfac9b11c ==============================
[0m21:21:22.281712 [info ] [MainThread]: Running with dbt=1.8.0
[0m21:21:22.282099 [debug] [MainThread]: running dbt with arguments {'write_json': 'True', 'log_format': 'default', 'no_print': 'None', 'use_experimental_parser': 'False', 'target_path': 'None', 'indirect_selection': 'eager', 'introspect': 'True', 'version_check': 'True', 'warn_error_options': 'WarnErrorOptions(include=[], exclude=[])', 'send_anonymous_usage_stats': 'True', 'warn_error': 'None', 'profiles_dir': '/Users/aleksandrmazurkevich/.dbt', 'fail_fast': 'False', 'quiet': 'False', 'partial_parse': 'True', 'printer_width': '80', 'use_colors': 'True', 'log_path': 'logs', 'log_cache_events': 'False', 'cache_selected_only': 'False', 'static_parser': 'True', 'invocation_command': 'dbt run', 'debug': 'False'}
[0m21:21:22.282449 [error] [MainThread]: Encountered an error:
Runtime Error
  No dbt_project.yml found at expected path /Users/aleksandrmazurkevich/dbt_course/dbt_project.yml
  Verify that each entry within packages.yml (and their transitive dependencies) contains a file named dbt_project.yml
  
[0m21:21:22.283900 [debug] [MainThread]: Resource report: {"command_name": "run", "command_wall_clock_time": 0.039268166, "process_user_time": 0.542205, "process_kernel_time": 0.131312, "process_mem_max_rss": "98844672", "command_success": false, "process_in_blocks": "0", "process_out_blocks": "0"}
[0m21:21:22.284314 [debug] [MainThread]: Command `dbt run` failed at 21:21:22.284247 after 0.04 seconds
[0m21:21:22.284570 [debug] [MainThread]: Sending event: {'category': 'dbt', 'action': 'invocation', 'label': 'end', 'context': [<snowplow_tracker.self_describing_json.SelfDescribingJson object at 0x1069d7b10>, <snowplow_tracker.self_describing_json.SelfDescribingJson object at 0x1069d7450>, <snowplow_tracker.self_describing_json.SelfDescribingJson object at 0x102f46690>]}
[0m21:21:22.284757 [debug] [MainThread]: Flushing usage events
[0m22:14:00.564102 [debug] [MainThread]: Sending event: {'category': 'dbt', 'action': 'invocation', 'label': 'start', 'context': [<snowplow_tracker.self_describing_json.SelfDescribingJson object at 0x10620d810>, <snowplow_tracker.self_describing_json.SelfDescribingJson object at 0x106267fd0>, <snowplow_tracker.self_describing_json.SelfDescribingJson object at 0x106278990>]}


============================== 22:14:00.566139 | 2bab2c35-005b-408e-bdc7-7d810400e067 ==============================
[0m22:14:00.566139 [info ] [MainThread]: Running with dbt=1.8.0
[0m22:14:00.566495 [debug] [MainThread]: running dbt with arguments {'indirect_selection': 'eager', 'use_experimental_parser': 'False', 'invocation_command': 'dbt seed', 'version_check': 'True', 'cache_selected_only': 'False', 'fail_fast': 'False', 'use_colors': 'True', 'write_json': 'True', 'send_anonymous_usage_stats': 'True', 'debug': 'False', 'log_cache_events': 'False', 'profiles_dir': '/Users/aleksandrmazurkevich/.dbt', 'static_parser': 'True', 'printer_width': '80', 'warn_error': 'None', 'log_format': 'default', 'log_path': 'logs', 'quiet': 'False', 'warn_error_options': 'WarnErrorOptions(include=[], exclude=[])', 'introspect': 'True', 'partial_parse': 'True', 'target_path': 'None', 'no_print': 'None'}
[0m22:14:00.566824 [error] [MainThread]: Encountered an error:
Runtime Error
  No dbt_project.yml found at expected path /Users/aleksandrmazurkevich/dbt_course/dbt_project.yml
  Verify that each entry within packages.yml (and their transitive dependencies) contains a file named dbt_project.yml
  
[0m22:14:00.572887 [debug] [MainThread]: Resource report: {"command_name": "seed", "command_wall_clock_time": 0.042366583, "process_user_time": 0.589388, "process_kernel_time": 0.161341, "process_mem_max_rss": "99713024", "command_success": false, "process_in_blocks": "0", "process_out_blocks": "0"}
[0m22:14:00.573245 [debug] [MainThread]: Command `dbt seed` failed at 22:14:00.573183 after 0.04 seconds
[0m22:14:00.573562 [debug] [MainThread]: Sending event: {'category': 'dbt', 'action': 'invocation', 'label': 'end', 'context': [<snowplow_tracker.self_describing_json.SelfDescribingJson object at 0x1062789d0>, <snowplow_tracker.self_describing_json.SelfDescribingJson object at 0x105d0f210>, <snowplow_tracker.self_describing_json.SelfDescribingJson object at 0x101695a90>]}
[0m22:14:00.573881 [debug] [MainThread]: Flushing usage events
